// Jest Snapshot v1, https://goo.gl/fbAQLP

exports[`Card component matches snapshot 1`] = `
<styled.div
  bg="http://www.abc.net.au/news/image/7202178-3x2-940x627.jpg"
  copy="A really good card!"
  title="I am a card!"
>
  <div
    className="icon"
  >
    <MdPeople />
  </div>
  <Text
    alignCenter={true}
    block={true}
    className="title"
    sans={true}
    xlg={true}
  >
    I am a card!
  </Text>
  <Text
    alignCenter={true}
    block={true}
    className="copy"
    sans={true}
    spaceAround={true}
    thin={true}
  >
    A really good card!
  </Text>
</styled.div>
`;
