// Jest Snapshot v1, https://goo.gl/fbAQLP

exports[`Form modal matches snapshot 1`] = `
<div
  className="sc-ifAKCX VYPsa"
>
  <div
    className="tab-wrapper"
  >
    <a
      aria-current={null}
      className="tab-link area-left"
      href="/auth/register"
      onClick={[Function]}
    >
      <svg
        fill="currentColor"
        height="1em"
        preserveAspectRatio="xMidYMid meet"
        style={
          Object {
            "color": undefined,
            "verticalAlign": "middle",
          }
        }
        viewBox="0 0 40 40"
        width="1em"
      >
        <g>
          <path
            d="m25.2 13.4v-3.4c0-2.8-2.4-5.2-5.2-5.2s-5.2 2.4-5.2 5.2v3.4h10.4z m-5.2 15c1.8 0 3.4-1.6 3.4-3.4s-1.6-3.4-3.4-3.4-3.4 1.6-3.4 3.4 1.6 3.4 3.4 3.4z m10-15c1.8 0 3.4 1.4 3.4 3.2v16.8c0 1.8-1.6 3.2-3.4 3.2h-20c-1.8 0-3.4-1.4-3.4-3.2v-16.8c0-1.8 1.6-3.2 3.4-3.2h1.6v-3.4c0-4.6 3.8-8.4 8.4-8.4s8.4 3.8 8.4 8.4v3.4h1.6z"
          />
        </g>
      </svg>
      <span
        className="sc-bdVaJa gjLHKm"
      >
        Register
      </span>
    </a>
    <a
      aria-current={null}
      className="tab-link area-right"
      href="/auth/login"
      onClick={[Function]}
    >
      <svg
        fill="currentColor"
        height="1em"
        preserveAspectRatio="xMidYMid meet"
        style={
          Object {
            "color": undefined,
            "verticalAlign": "middle",
          }
        }
        viewBox="0 0 40 40"
        width="1em"
      >
        <g>
          <path
            d="m34.5 11.7l-3 3.1-6.3-6.3 3.1-3q0.5-0.5 1.2-0.5t1.1 0.5l3.9 3.9q0.5 0.4 0.5 1.1t-0.5 1.2z m-29.5 17.1l18.4-18.5 6.3 6.3-18.4 18.4h-6.3v-6.2z"
          />
        </g>
      </svg>
      <span
        className="sc-bdVaJa gjLHKm"
      >
        Login
      </span>
    </a>
  </div>
  <div
    className="forms-area"
  />
</div>
`;
